------------------------------------------------------------
TimeQuest Timing Analyzer Summary
------------------------------------------------------------

Type  : Slow 1200mV 85C Model Setup 'inclk0'
Slack : -1.354
TNS   : -2.549

Type  : Slow 1200mV 85C Model Hold 'inclk0'
Slack : -0.056
TNS   : -0.056

Type  : Slow 1200mV 85C Model Minimum Pulse Width 'reset'
Slack : -3.000
TNS   : -3.000

Type  : Slow 1200mV 85C Model Minimum Pulse Width 'inclk0'
Slack : 9.666
TNS   : 0.000

Type  : Slow 1200mV 0C Model Setup 'inclk0'
Slack : -1.077
TNS   : -2.028

Type  : Slow 1200mV 0C Model Hold 'inclk0'
Slack : -0.037
TNS   : -0.037

Type  : Slow 1200mV 0C Model Minimum Pulse Width 'reset'
Slack : -3.000
TNS   : -3.000

Type  : Slow 1200mV 0C Model Minimum Pulse Width 'inclk0'
Slack : 9.694
TNS   : 0.000

Type  : Fast 1200mV 0C Model Setup 'inclk0'
Slack : -0.318
TNS   : -0.555

Type  : Fast 1200mV 0C Model Hold 'inclk0'
Slack : -0.046
TNS   : -0.046

Type  : Fast 1200mV 0C Model Minimum Pulse Width 'reset'
Slack : -3.000
TNS   : -3.000

Type  : Fast 1200mV 0C Model Minimum Pulse Width 'inclk0'
Slack : 9.435
TNS   : 0.000

------------------------------------------------------------
